
  ___  ____  ____  ____  ____ (R)
 /__    /   ____/   /   ____/
___/   /   /___/   /   /___/   15.1   Copyright 1985-2017 StataCorp LLC
  Statistics/Data Analysis            StataCorp
                                      4905 Lakeway Drive
     Special Edition                  College Station, Texas 77845 USA
                                      800-STATA-PC        http://www.stata.com
                                      979-696-4600        stata@stata.com
                                      979-696-4601 (fax)

Single-user Stata perpetual license:
       Serial number:  401506354559
         Licensed to:  Joe Hasell
                       Oxford University

Notes:
      1.  Stata is running in batch mode.
      2.  Unicode is supported; see help unicode_advice.
      3.  Maximum number of variables is set to 5000; see help set_maxvar.

. do fetch_ppp.do 

. *******************************************************
. * fetch_ppp.do
. * Download PPP conversion factors from WID
. * Fast - no percentile data
. *******************************************************
. 
. clear all

. set more off

. 
. local target_year = 2023

. local outdir = "/Users/joehasell/Documents/GitHub/data_work/global_inequality
> _pip_wid/inputs"

. 
. *------------------------------------------------------
. * Grab PPP conversion rates (xlcusp)
. *------------------------------------------------------
. 
. wid, indicators(xlcusp) ///
>     areas(_all)          ///
>     years(`target_year') ///
>     clear

* Get variables associated to your selection... DONE
(found 1 variable for 270 areas, 1 percentile, 1 age category, 1 population cat
> egory)

* Downloading the data

| 0% ---+--- 20% ---+--- 40% ---+--- 60% ---+--- 80% ---+--- 100% |
===================================================================


. 
. rename value ppp

. 
. * Keep relevant variables
. keep country year ppp

. 
. * Add percentile column (needed for Python code filtering)
. gen percentile = "p0p100"

. 
. * Export as CSV
. export delimited using "`outdir'/WID_ppp.csv", ///
>     replace delim(",")
file /Users/joehasell/Documents/GitHub/data_work/global_inequality_pip_wid/inpu
> ts/WID_ppp.csv saved

. 
. *******************************************************
. * End of do-file
. *******************************************************
. 
end of do-file
